unacceptable kind of an object to dump [object Undefined]